Test run for C:\GIT\SeriesScraper\tests\SeriesScraper.Domain.Tests\bin\Debug\net8.0\SeriesScraper.Domain.Tests.dll (.NETCoreApp,Version=v8.0)
Test run for C:\GIT\SeriesScraper\tests\SeriesScraper.Application.Tests\bin\Debug\net8.0\SeriesScraper.Application.Tests.dll (.NETCoreApp,Version=v8.0)
Test run for C:\GIT\SeriesScraper\tests\SeriesScraper.Infrastructure.Tests\bin\Debug\net8.0\SeriesScraper.Infrastructure.Tests.dll (.NETCoreApp,Version=v8.0)
Test run for C:\GIT\SeriesScraper\tests\SeriesScraper.Web.Tests\bin\Debug\net8.0\SeriesScraper.Web.Tests.dll (.NETCoreApp,Version=v8.0)
VSTest version 17.13.0 (x64)

VSTest version 17.13.0 (x64)
VSTest version 17.13.0 (x64)

VSTest version 17.13.0 (x64)


Starting test execution, please wait...
Starting test execution, please wait...
Starting test execution, please wait...
Starting test execution, please wait...
A total of 1 test files matched the specified pattern.
A total of 1 test files matched the specified pattern.
A total of 1 test files matched the specified pattern.
A total of 1 test files matched the specified pattern.

Passed!  - Failed:     0, Passed:   196, Skipped:     0, Total:   196, Duration: 26 ms - SeriesScraper.Domain.Tests.dll (net8.0)

Passed!  - Failed:     0, Passed:    33, Skipped:     0, Total:    33, Duration: 4 s - SeriesScraper.Web.Tests.dll (net8.0)

Passed!  - Failed:     0, Passed:   610, Skipped:     0, Total:   610, Duration: 6 s - SeriesScraper.Application.Tests.dll (net8.0)

Passed!  - Failed:     0, Passed:   538, Skipped:     0, Total:   538, Duration: 13 s - SeriesScraper.Infrastructure.Tests.dll (net8.0)

Workload updates are available. Run `dotnet workload list` for more information.
EXIT_CODE=0
